Archive member included to satisfy reference by file (symbol)

c:/program files (x86)/atmel/studio/7.0/toolchain/avr8/avr8-gnu-toolchain/bin/../lib/gcc/avr/5.4.0/avr5\libgcc.a(_exit.o)
                              C:/Program Files (x86)/Atmel/Studio/7.0/Packs/Atmel/ATmega_DFP/1.7.374/gcc/dev/atmega32a/avr5/crtatmega32a.o (exit)
c:/program files (x86)/atmel/studio/7.0/toolchain/avr8/avr8-gnu-toolchain/bin/../lib/gcc/avr/5.4.0/avr5\libgcc.a(_copy_data.o)
                              HAL/SSD/src/ssd.o (__do_copy_data)
c:/program files (x86)/atmel/studio/7.0/toolchain/avr8/avr8-gnu-toolchain/bin/../lib/gcc/avr/5.4.0/avr5\libgcc.a(_clear_bss.o)
                              HAL/SSD/src/ssd.o (__do_clear_bss)
c:/program files (x86)/atmel/studio/7.0/toolchain/avr8/avr8-gnu-toolchain/bin/../lib/gcc/avr/5.4.0/../../../../avr/lib/avr5\libc.a(malloc.o)
                              HAL/LM35/src/LM35.o (malloc)

Allocating common symbols
Common symbol       size              file

__brkval            0x2               c:/program files (x86)/atmel/studio/7.0/toolchain/avr8/avr8-gnu-toolchain/bin/../lib/gcc/avr/5.4.0/../../../../avr/lib/avr5\libc.a(malloc.o)
tens                0x1               HAL/SSD/src/ssd.o
__flp               0x2               c:/program files (x86)/atmel/studio/7.0/toolchain/avr8/avr8-gnu-toolchain/bin/../lib/gcc/avr/5.4.0/../../../../avr/lib/avr5\libc.a(malloc.o)
units               0x1               HAL/SSD/src/ssd.o

Discarded input sections

 .data          0x00000000        0x0 C:/Program Files (x86)/Atmel/Studio/7.0/Packs/Atmel/ATmega_DFP/1.7.374/gcc/dev/atmega32a/avr5/crtatmega32a.o
 .bss           0x00000000        0x0 C:/Program Files (x86)/Atmel/Studio/7.0/Packs/Atmel/ATmega_DFP/1.7.374/gcc/dev/atmega32a/avr5/crtatmega32a.o
 .text          0x00000000        0x0 HAL/EEPROM/src/EEPROM.o
 .data          0x00000000        0x0 HAL/EEPROM/src/EEPROM.o
 .bss           0x00000000        0x0 HAL/EEPROM/src/EEPROM.o
 .text.EEPROM_writeByte
                0x00000000       0x32 HAL/EEPROM/src/EEPROM.o
 .text          0x00000000        0x0 HAL/LM35/src/LM35.o
 .data          0x00000000        0x0 HAL/LM35/src/LM35.o
 .bss           0x00000000        0x0 HAL/LM35/src/LM35.o
 .text          0x00000000        0x0 HAL/SSD/src/ssd.o
 .data          0x00000000        0x0 HAL/SSD/src/ssd.o
 .bss           0x00000000        0x0 HAL/SSD/src/ssd.o
 .text          0x00000000        0x0 HAL/TCS/src/TCS.o
 .data          0x00000000        0x0 HAL/TCS/src/TCS.o
 .bss           0x00000000        0x0 HAL/TCS/src/TCS.o
 .text.COOLER_ON
                0x00000000        0x4 HAL/TCS/src/TCS.o
 .text.COOLER_OFF
                0x00000000        0x4 HAL/TCS/src/TCS.o
 .text.HEATER_ON
                0x00000000        0x4 HAL/TCS/src/TCS.o
 .text.HEATER_OFF
                0x00000000        0x4 HAL/TCS/src/TCS.o
 .text.update_temp_reading
                0x00000000       0x7c HAL/TCS/src/TCS.o
 .bss.current_temp
                0x00000000        0x1 HAL/TCS/src/TCS.o
 .bss.temp_reading
                0x00000000       0x14 HAL/TCS/src/TCS.o
 .bss.temp_reading_counter
                0x00000000        0x2 HAL/TCS/src/TCS.o
 .debug_info    0x00000000      0x189 HAL/TCS/src/TCS.o
 .debug_abbrev  0x00000000       0xd8 HAL/TCS/src/TCS.o
 .debug_loc     0x00000000       0x43 HAL/TCS/src/TCS.o
 .debug_aranges
                0x00000000       0x40 HAL/TCS/src/TCS.o
 .debug_ranges  0x00000000       0x30 HAL/TCS/src/TCS.o
 .debug_line    0x00000000      0x17c HAL/TCS/src/TCS.o
 .debug_str     0x00000000      0x21b HAL/TCS/src/TCS.o
 .comment       0x00000000       0x31 HAL/TCS/src/TCS.o
 .debug_frame   0x00000000       0x70 HAL/TCS/src/TCS.o
 .text          0x00000000        0x0 main.o
 .data          0x00000000        0x0 main.o
 .bss           0x00000000        0x0 main.o
 .text          0x00000000        0x0 MCAL/ADC/src/ADC.o
 .data          0x00000000        0x0 MCAL/ADC/src/ADC.o
 .bss           0x00000000        0x0 MCAL/ADC/src/ADC.o
 .text          0x00000000        0x0 MCAL/I2C/src/I2C.o
 .data          0x00000000        0x0 MCAL/I2C/src/I2C.o
 .bss           0x00000000        0x0 MCAL/I2C/src/I2C.o
 .text.TWI_MasterInit
                0x00000000       0x1c MCAL/I2C/src/I2C.o
 .text.TWI_SlaveInit
                0x00000000       0x12 MCAL/I2C/src/I2C.o
 .text          0x00000000        0x0 MCAL/Timer/src/Timer.o
 .data          0x00000000        0x0 MCAL/Timer/src/Timer.o
 .bss           0x00000000        0x0 MCAL/Timer/src/Timer.o
 .text.INIT_Timer0
                0x00000000       0x10 MCAL/Timer/src/Timer.o
 .debug_info    0x00000000       0x82 MCAL/Timer/src/Timer.o
 .debug_abbrev  0x00000000       0x4f MCAL/Timer/src/Timer.o
 .debug_aranges
                0x00000000       0x20 MCAL/Timer/src/Timer.o
 .debug_ranges  0x00000000       0x10 MCAL/Timer/src/Timer.o
 .debug_line    0x00000000       0xbb MCAL/Timer/src/Timer.o
 .debug_str     0x00000000      0x18a MCAL/Timer/src/Timer.o
 .comment       0x00000000       0x31 MCAL/Timer/src/Timer.o
 .debug_frame   0x00000000       0x24 MCAL/Timer/src/Timer.o
 .text          0x00000000        0x0 c:/program files (x86)/atmel/studio/7.0/toolchain/avr8/avr8-gnu-toolchain/bin/../lib/gcc/avr/5.4.0/avr5\libgcc.a(_exit.o)
 .data          0x00000000        0x0 c:/program files (x86)/atmel/studio/7.0/toolchain/avr8/avr8-gnu-toolchain/bin/../lib/gcc/avr/5.4.0/avr5\libgcc.a(_exit.o)
 .bss           0x00000000        0x0 c:/program files (x86)/atmel/studio/7.0/toolchain/avr8/avr8-gnu-toolchain/bin/../lib/gcc/avr/5.4.0/avr5\libgcc.a(_exit.o)
 .text.libgcc.mul
                0x00000000        0x0 c:/program files (x86)/atmel/studio/7.0/toolchain/avr8/avr8-gnu-toolchain/bin/../lib/gcc/avr/5.4.0/avr5\libgcc.a(_exit.o)
 .text.libgcc.div
                0x00000000        0x0 c:/program files (x86)/atmel/studio/7.0/toolchain/avr8/avr8-gnu-toolchain/bin/../lib/gcc/avr/5.4.0/avr5\libgcc.a(_exit.o)
 .text.libgcc   0x00000000        0x0 c:/program files (x86)/atmel/studio/7.0/toolchain/avr8/avr8-gnu-toolchain/bin/../lib/gcc/avr/5.4.0/avr5\libgcc.a(_exit.o)
 .text.libgcc.prologue
                0x00000000        0x0 c:/program files (x86)/atmel/studio/7.0/toolchain/avr8/avr8-gnu-toolchain/bin/../lib/gcc/avr/5.4.0/avr5\libgcc.a(_exit.o)
 .text.libgcc.builtins
                0x00000000        0x0 c:/program files (x86)/atmel/studio/7.0/toolchain/avr8/avr8-gnu-toolchain/bin/../lib/gcc/avr/5.4.0/avr5\libgcc.a(_exit.o)
 .text.libgcc.fmul
                0x00000000        0x0 c:/program files (x86)/atmel/studio/7.0/toolchain/avr8/avr8-gnu-toolchain/bin/../lib/gcc/avr/5.4.0/avr5\libgcc.a(_exit.o)
 .text.libgcc.fixed
                0x00000000        0x0 c:/program files (x86)/atmel/studio/7.0/toolchain/avr8/avr8-gnu-toolchain/bin/../lib/gcc/avr/5.4.0/avr5\libgcc.a(_exit.o)
 .text          0x00000000        0x0 c:/program files (x86)/atmel/studio/7.0/toolchain/avr8/avr8-gnu-toolchain/bin/../lib/gcc/avr/5.4.0/avr5\libgcc.a(_copy_data.o)
 .data          0x00000000        0x0 c:/program files (x86)/atmel/studio/7.0/toolchain/avr8/avr8-gnu-toolchain/bin/../lib/gcc/avr/5.4.0/avr5\libgcc.a(_copy_data.o)
 .bss           0x00000000        0x0 c:/program files (x86)/atmel/studio/7.0/toolchain/avr8/avr8-gnu-toolchain/bin/../lib/gcc/avr/5.4.0/avr5\libgcc.a(_copy_data.o)
 .text.libgcc.mul
                0x00000000        0x0 c:/program files (x86)/atmel/studio/7.0/toolchain/avr8/avr8-gnu-toolchain/bin/../lib/gcc/avr/5.4.0/avr5\libgcc.a(_copy_data.o)
 .text.libgcc.div
                0x00000000        0x0 c:/program files (x86)/atmel/studio/7.0/toolchain/avr8/avr8-gnu-toolchain/bin/../lib/gcc/avr/5.4.0/avr5\libgcc.a(_copy_data.o)
 .text.libgcc   0x00000000        0x0 c:/program files (x86)/atmel/studio/7.0/toolchain/avr8/avr8-gnu-toolchain/bin/../lib/gcc/avr/5.4.0/avr5\libgcc.a(_copy_data.o)
 .text.libgcc.prologue
                0x00000000        0x0 c:/program files (x86)/atmel/studio/7.0/toolchain/avr8/avr8-gnu-toolchain/bin/../lib/gcc/avr/5.4.0/avr5\libgcc.a(_copy_data.o)
 .text.libgcc.builtins
                0x00000000        0x0 c:/program files (x86)/atmel/studio/7.0/toolchain/avr8/avr8-gnu-toolchain/bin/../lib/gcc/avr/5.4.0/avr5\libgcc.a(_copy_data.o)
 .text.libgcc.fmul
                0x00000000        0x0 c:/program files (x86)/atmel/studio/7.0/toolchain/avr8/avr8-gnu-toolchain/bin/../lib/gcc/avr/5.4.0/avr5\libgcc.a(_copy_data.o)
 .text.libgcc.fixed
                0x00000000        0x0 c:/program files (x86)/atmel/studio/7.0/toolchain/avr8/avr8-gnu-toolchain/bin/../lib/gcc/avr/5.4.0/avr5\libgcc.a(_copy_data.o)
 .text          0x00000000        0x0 c:/program files (x86)/atmel/studio/7.0/toolchain/avr8/avr8-gnu-toolchain/bin/../lib/gcc/avr/5.4.0/avr5\libgcc.a(_clear_bss.o)
 .data          0x00000000        0x0 c:/program files (x86)/atmel/studio/7.0/toolchain/avr8/avr8-gnu-toolchain/bin/../lib/gcc/avr/5.4.0/avr5\libgcc.a(_clear_bss.o)
 .bss           0x00000000        0x0 c:/program files (x86)/atmel/studio/7.0/toolchain/avr8/avr8-gnu-toolchain/bin/../lib/gcc/avr/5.4.0/avr5\libgcc.a(_clear_bss.o)
 .text.libgcc.mul
                0x00000000        0x0 c:/program files (x86)/atmel/studio/7.0/toolchain/avr8/avr8-gnu-toolchain/bin/../lib/gcc/avr/5.4.0/avr5\libgcc.a(_clear_bss.o)
 .text.libgcc.div
                0x00000000        0x0 c:/program files (x86)/atmel/studio/7.0/toolchain/avr8/avr8-gnu-toolchain/bin/../lib/gcc/avr/5.4.0/avr5\libgcc.a(_clear_bss.o)
 .text.libgcc   0x00000000        0x0 c:/program files (x86)/atmel/studio/7.0/toolchain/avr8/avr8-gnu-toolchain/bin/../lib/gcc/avr/5.4.0/avr5\libgcc.a(_clear_bss.o)
 .text.libgcc.prologue
                0x00000000        0x0 c:/program files (x86)/atmel/studio/7.0/toolchain/avr8/avr8-gnu-toolchain/bin/../lib/gcc/avr/5.4.0/avr5\libgcc.a(_clear_bss.o)
 .text.libgcc.builtins
                0x00000000        0x0 c:/program files (x86)/atmel/studio/7.0/toolchain/avr8/avr8-gnu-toolchain/bin/../lib/gcc/avr/5.4.0/avr5\libgcc.a(_clear_bss.o)
 .text.libgcc.fmul
                0x00000000        0x0 c:/program files (x86)/atmel/studio/7.0/toolchain/avr8/avr8-gnu-toolchain/bin/../lib/gcc/avr/5.4.0/avr5\libgcc.a(_clear_bss.o)
 .text.libgcc.fixed
                0x00000000        0x0 c:/program files (x86)/atmel/studio/7.0/toolchain/avr8/avr8-gnu-toolchain/bin/../lib/gcc/avr/5.4.0/avr5\libgcc.a(_clear_bss.o)
 .text          0x00000000        0x0 c:/program files (x86)/atmel/studio/7.0/toolchain/avr8/avr8-gnu-toolchain/bin/../lib/gcc/avr/5.4.0/../../../../avr/lib/avr5\libc.a(malloc.o)
 .bss           0x00000000        0x0 c:/program files (x86)/atmel/studio/7.0/toolchain/avr8/avr8-gnu-toolchain/bin/../lib/gcc/avr/5.4.0/../../../../avr/lib/avr5\libc.a(malloc.o)

Memory Configuration

Name             Origin             Length             Attributes
text             0x00000000         0x00008000         xr
data             0x00800060         0x00000800         rw !x
eeprom           0x00810000         0x00000400         rw !x
fuse             0x00820000         0x00000002         rw !x
lock             0x00830000         0x00000400         rw !x
signature        0x00840000         0x00000400         rw !x
user_signatures  0x00850000         0x00000400         rw !x
*default*        0x00000000         0xffffffff

Linker script and memory map

LOAD C:/Program Files (x86)/Atmel/Studio/7.0/Packs/Atmel/ATmega_DFP/1.7.374/gcc/dev/atmega32a/avr5/crtatmega32a.o
LOAD HAL/EEPROM/src/EEPROM.o
LOAD HAL/LM35/src/LM35.o
LOAD HAL/SSD/src/ssd.o
LOAD HAL/TCS/src/TCS.o
LOAD main.o
LOAD MCAL/ADC/src/ADC.o
LOAD MCAL/I2C/src/I2C.o
LOAD MCAL/Timer/src/Timer.o
START GROUP
LOAD c:/program files (x86)/atmel/studio/7.0/toolchain/avr8/avr8-gnu-toolchain/bin/../lib/gcc/avr/5.4.0/../../../../avr/lib/avr5\libm.a
END GROUP
START GROUP
LOAD c:/program files (x86)/atmel/studio/7.0/toolchain/avr8/avr8-gnu-toolchain/bin/../lib/gcc/avr/5.4.0/avr5\libgcc.a
LOAD c:/program files (x86)/atmel/studio/7.0/toolchain/avr8/avr8-gnu-toolchain/bin/../lib/gcc/avr/5.4.0/../../../../avr/lib/avr5\libm.a
LOAD c:/program files (x86)/atmel/studio/7.0/toolchain/avr8/avr8-gnu-toolchain/bin/../lib/gcc/avr/5.4.0/../../../../avr/lib/avr5\libc.a
LOAD C:/Program Files (x86)/Atmel/Studio/7.0/Packs/Atmel/ATmega_DFP/1.7.374/gcc/dev/atmega32a/avr5\libatmega32a.a
END GROUP
                [0x00008000]                __TEXT_REGION_LENGTH__ = DEFINED (__TEXT_REGION_LENGTH__)?__TEXT_REGION_LENGTH__:0x20000
                [0x00000800]                __DATA_REGION_LENGTH__ = DEFINED (__DATA_REGION_LENGTH__)?__DATA_REGION_LENGTH__:0xffa0
                [0x00000400]                __EEPROM_REGION_LENGTH__ = DEFINED (__EEPROM_REGION_LENGTH__)?__EEPROM_REGION_LENGTH__:0x10000
                [0x00000002]                __FUSE_REGION_LENGTH__ = DEFINED (__FUSE_REGION_LENGTH__)?__FUSE_REGION_LENGTH__:0x400
                0x00000400                __LOCK_REGION_LENGTH__ = DEFINED (__LOCK_REGION_LENGTH__)?__LOCK_REGION_LENGTH__:0x400
                0x00000400                __SIGNATURE_REGION_LENGTH__ = DEFINED (__SIGNATURE_REGION_LENGTH__)?__SIGNATURE_REGION_LENGTH__:0x400
                0x00000400                __USER_SIGNATURE_REGION_LENGTH__ = DEFINED (__USER_SIGNATURE_REGION_LENGTH__)?__USER_SIGNATURE_REGION_LENGTH__:0x400

.hash
 *(.hash)

.dynsym
 *(.dynsym)

.dynstr
 *(.dynstr)

.gnu.version
 *(.gnu.version)

.gnu.version_d
 *(.gnu.version_d)

.gnu.version_r
 *(.gnu.version_r)

.rel.init
 *(.rel.init)

.rela.init
 *(.rela.init)

.rel.text
 *(.rel.text)
 *(.rel.text.*)
 *(.rel.gnu.linkonce.t*)

.rela.text
 *(.rela.text)
 *(.rela.text.*)
 *(.rela.gnu.linkonce.t*)

.rel.fini
 *(.rel.fini)

.rela.fini
 *(.rela.fini)

.rel.rodata
 *(.rel.rodata)
 *(.rel.rodata.*)
 *(.rel.gnu.linkonce.r*)

.rela.rodata
 *(.rela.rodata)
 *(.rela.rodata.*)
 *(.rela.gnu.linkonce.r*)

.rel.data
 *(.rel.data)
 *(.rel.data.*)
 *(.rel.gnu.linkonce.d*)

.rela.data
 *(.rela.data)
 *(.rela.data.*)
 *(.rela.gnu.linkonce.d*)

.rel.ctors
 *(.rel.ctors)

.rela.ctors
 *(.rela.ctors)

.rel.dtors
 *(.rel.dtors)

.rela.dtors
 *(.rela.dtors)

.rel.got
 *(.rel.got)

.rela.got
 *(.rela.got)

.rel.bss
 *(.rel.bss)

.rela.bss
 *(.rela.bss)

.rel.plt
 *(.rel.plt)

.rela.plt
 *(.rela.plt)

.text           0x00000000      0x5c8
 *(.vectors)
 .vectors       0x00000000       0x54 C:/Program Files (x86)/Atmel/Studio/7.0/Packs/Atmel/ATmega_DFP/1.7.374/gcc/dev/atmega32a/avr5/crtatmega32a.o
                0x00000000                __vector_default
                0x00000000                __vectors
 *(.vectors)
 *(.progmem.gcc*)
                0x00000054                . = ALIGN (0x2)
                0x00000054                __trampolines_start = .
 *(.trampolines)
 .trampolines   0x00000054        0x0 linker stubs
 *(.trampolines*)
                0x00000054                __trampolines_end = .
 *libprintf_flt.a:*(.progmem.data)
 *libc.a:*(.progmem.data)
 *(.progmem*)
                0x00000054                . = ALIGN (0x2)
 *(.jumptables)
 *(.jumptables*)
 *(.lowtext)
 *(.lowtext*)
                0x00000054                __ctors_start = .
 *(.ctors)
                0x00000054                __ctors_end = .
                0x00000054                __dtors_start = .
 *(.dtors)
                0x00000054                __dtors_end = .
 SORT(*)(.ctors)
 SORT(*)(.dtors)
 *(.init0)
 .init0         0x00000054        0x0 C:/Program Files (x86)/Atmel/Studio/7.0/Packs/Atmel/ATmega_DFP/1.7.374/gcc/dev/atmega32a/avr5/crtatmega32a.o
                0x00000054                __init
 *(.init0)
 *(.init1)
 *(.init1)
 *(.init2)
 .init2         0x00000054        0xc C:/Program Files (x86)/Atmel/Studio/7.0/Packs/Atmel/ATmega_DFP/1.7.374/gcc/dev/atmega32a/avr5/crtatmega32a.o
 *(.init2)
 *(.init3)
 *(.init3)
 *(.init4)
 .init4         0x00000060       0x16 c:/program files (x86)/atmel/studio/7.0/toolchain/avr8/avr8-gnu-toolchain/bin/../lib/gcc/avr/5.4.0/avr5\libgcc.a(_copy_data.o)
                0x00000060                __do_copy_data
 .init4         0x00000076       0x10 c:/program files (x86)/atmel/studio/7.0/toolchain/avr8/avr8-gnu-toolchain/bin/../lib/gcc/avr/5.4.0/avr5\libgcc.a(_clear_bss.o)
                0x00000076                __do_clear_bss
 *(.init4)
 *(.init5)
 *(.init5)
 *(.init6)
 *(.init6)
 *(.init7)
 *(.init7)
 *(.init8)
 *(.init8)
 *(.init9)
 .init9         0x00000086        0x8 C:/Program Files (x86)/Atmel/Studio/7.0/Packs/Atmel/ATmega_DFP/1.7.374/gcc/dev/atmega32a/avr5/crtatmega32a.o
 *(.init9)
 *(.text)
 .text          0x0000008e        0x4 C:/Program Files (x86)/Atmel/Studio/7.0/Packs/Atmel/ATmega_DFP/1.7.374/gcc/dev/atmega32a/avr5/crtatmega32a.o
                0x0000008e                __vector_12
                0x0000008e                __bad_interrupt
                0x0000008e                __vector_6
                0x0000008e                __vector_3
                0x0000008e                __vector_11
                0x0000008e                __vector_13
                0x0000008e                __vector_17
                0x0000008e                __vector_19
                0x0000008e                __vector_7
                0x0000008e                __vector_5
                0x0000008e                __vector_4
                0x0000008e                __vector_9
                0x0000008e                __vector_2
                0x0000008e                __vector_15
                0x0000008e                __vector_8
                0x0000008e                __vector_14
                0x0000008e                __vector_10
                0x0000008e                __vector_16
                0x0000008e                __vector_18
                0x0000008e                __vector_20
                0x00000092                . = ALIGN (0x2)
 *(.text.*)
 .text.EEPROM_ReadByte
                0x00000092       0x36 HAL/EEPROM/src/EEPROM.o
                0x00000092                EEPROM_ReadByte
 .text.LM35_Init
                0x000000c8       0x22 HAL/LM35/src/LM35.o
                0x000000c8                LM35_Init
 .text.LM35_Read
                0x000000ea       0x10 HAL/LM35/src/LM35.o
                0x000000ea                LM35_Read
 .text.SSD_OFF  0x000000fa        0x6 HAL/SSD/src/ssd.o
                0x000000fa                SSD_OFF
 .text.SSD_write
                0x00000100       0x66 HAL/SSD/src/ssd.o
                0x00000100                SSD_write
 .text.__vector_1
                0x00000166       0x3c main.o
                0x00000166                __vector_1
 .text.main     0x000001a2       0x90 main.o
                0x000001a2                main
 .text.ADC_Init
                0x00000232       0x56 MCAL/ADC/src/ADC.o
                0x00000232                ADC_Init
 .text.ADC_Read
                0x00000288       0x10 MCAL/ADC/src/ADC.o
                0x00000288                ADC_Read
 .text.TWI_sendStartCondition
                0x00000298       0x22 MCAL/I2C/src/I2C.o
                0x00000298                TWI_sendStartCondition
 .text.TWI_sendRepeatedStartCondition
                0x000002ba       0x22 MCAL/I2C/src/I2C.o
                0x000002ba                TWI_sendRepeatedStartCondition
 .text.TWI_sendStopCondition
                0x000002dc       0x16 MCAL/I2C/src/I2C.o
                0x000002dc                TWI_sendStopCondition
 .text.TWI_sendSlaveAddressWrite
                0x000002f2       0x28 MCAL/I2C/src/I2C.o
                0x000002f2                TWI_sendSlaveAddressWrite
 .text.TWI_sendSlaveAddressRead
                0x0000031a       0x28 MCAL/I2C/src/I2C.o
                0x0000031a                TWI_sendSlaveAddressRead
 .text.TWI_MasterWriteData
                0x00000342       0x1e MCAL/I2C/src/I2C.o
                0x00000342                TWI_MasterWriteData
 .text.TWI_MasterReadData
                0x00000360       0x22 MCAL/I2C/src/I2C.o
                0x00000360                TWI_MasterReadData
 .text.avr-libc
                0x00000382      0x242 c:/program files (x86)/atmel/studio/7.0/toolchain/avr8/avr8-gnu-toolchain/bin/../lib/gcc/avr/5.4.0/../../../../avr/lib/avr5\libc.a(malloc.o)
                0x00000382                malloc
                0x000004b2                free
                0x000005c4                . = ALIGN (0x2)
 *(.fini9)
 .fini9         0x000005c4        0x0 c:/program files (x86)/atmel/studio/7.0/toolchain/avr8/avr8-gnu-toolchain/bin/../lib/gcc/avr/5.4.0/avr5\libgcc.a(_exit.o)
                0x000005c4                _exit
                0x000005c4                exit
 *(.fini9)
 *(.fini8)
 *(.fini8)
 *(.fini7)
 *(.fini7)
 *(.fini6)
 *(.fini6)
 *(.fini5)
 *(.fini5)
 *(.fini4)
 *(.fini4)
 *(.fini3)
 *(.fini3)
 *(.fini2)
 *(.fini2)
 *(.fini1)
 *(.fini1)
 *(.fini0)
 .fini0         0x000005c4        0x4 c:/program files (x86)/atmel/studio/7.0/toolchain/avr8/avr8-gnu-toolchain/bin/../lib/gcc/avr/5.4.0/avr5\libgcc.a(_exit.o)
 *(.fini0)
                0x000005c8                _etext = .

.data           0x00800060       0x10 load address 0x000005c8
                0x00800060                PROVIDE (__data_start, .)
 *(.data)
 .data          0x00800060        0x6 c:/program files (x86)/atmel/studio/7.0/toolchain/avr8/avr8-gnu-toolchain/bin/../lib/gcc/avr/5.4.0/../../../../avr/lib/avr5\libc.a(malloc.o)
                0x00800060                __malloc_heap_end
                0x00800062                __malloc_heap_start
                0x00800064                __malloc_margin
 *(.data*)
 .data.number   0x00800066        0xa HAL/SSD/src/ssd.o
                0x00800066                number
 *(.gnu.linkonce.d*)
 *(.rodata)
 *(.rodata*)
 *(.gnu.linkonce.r*)
                0x00800070                . = ALIGN (0x2)
                0x00800070                _edata = .
                0x00800070                PROVIDE (__data_end, .)

.bss            0x00800070        0xd
                0x00800070                PROVIDE (__bss_start, .)
 *(.bss)
 *(.bss*)
 .bss.setting   0x00800070        0x1 main.o
                0x00800070                setting
 .bss.count     0x00800071        0x1 main.o
                0x00800071                count
 .bss.on        0x00800072        0x1 main.o
                0x00800072                on
 .bss.ADC_InitStruct
                0x00800073        0x4 MCAL/ADC/src/ADC.o
 *(COMMON)
 COMMON         0x00800077        0x2 HAL/SSD/src/ssd.o
                0x00800077                tens
                0x00800078                units
 COMMON         0x00800079        0x4 c:/program files (x86)/atmel/studio/7.0/toolchain/avr8/avr8-gnu-toolchain/bin/../lib/gcc/avr/5.4.0/../../../../avr/lib/avr5\libc.a(malloc.o)
                0x00800079                __brkval
                0x0080007b                __flp
                0x0080007d                PROVIDE (__bss_end, .)
                0x000005c8                __data_load_start = LOADADDR (.data)
                0x000005d8                __data_load_end = (__data_load_start + SIZEOF (.data))

.noinit         0x0080007d        0x0
                [!provide]                PROVIDE (__noinit_start, .)
 *(.noinit*)
                [!provide]                PROVIDE (__noinit_end, .)
                0x0080007d                _end = .
                0x0080007d                PROVIDE (__heap_start, .)

.eeprom         0x00810000        0x0
 *(.eeprom*)
                0x00810000                __eeprom_end = .

.fuse
 *(.fuse)
 *(.lfuse)
 *(.hfuse)
 *(.efuse)

.lock
 *(.lock*)

.signature
 *(.signature*)

.user_signatures
 *(.user_signatures*)

.stab
 *(.stab)

.stabstr
 *(.stabstr)

.stab.excl
 *(.stab.excl)

.stab.exclstr
 *(.stab.exclstr)

.stab.index
 *(.stab.index)

.stab.indexstr
 *(.stab.indexstr)

.comment        0x00000000       0x60
 *(.comment)
 .comment       0x00000000       0x30 HAL/EEPROM/src/EEPROM.o
                                 0x31 (size before relaxing)
 .comment       0x00000030       0x30 HAL/LM35/src/LM35.o
                                 0x31 (size before relaxing)
 .comment       0x00000060       0x31 HAL/SSD/src/ssd.o
 .comment       0x00000060       0x31 main.o
 .comment       0x00000060       0x31 MCAL/ADC/src/ADC.o
 .comment       0x00000060       0x31 MCAL/I2C/src/I2C.o
 .comment       0x00000060       0x31 c:/program files (x86)/atmel/studio/7.0/toolchain/avr8/avr8-gnu-toolchain/bin/../lib/gcc/avr/5.4.0/../../../../avr/lib/avr5\libc.a(malloc.o)

.note.gnu.avr.deviceinfo
                0x00000000       0x3c
 .note.gnu.avr.deviceinfo
                0x00000000       0x3c C:/Program Files (x86)/Atmel/Studio/7.0/Packs/Atmel/ATmega_DFP/1.7.374/gcc/dev/atmega32a/avr5/crtatmega32a.o

.note.gnu.build-id
 *(.note.gnu.build-id)

.debug
 *(.debug)

.line
 *(.line)

.debug_srcinfo
 *(.debug_srcinfo)

.debug_sfnames
 *(.debug_sfnames)

.debug_aranges  0x00000000      0x128
 *(.debug_aranges)
 .debug_aranges
                0x00000000       0x28 HAL/EEPROM/src/EEPROM.o
 .debug_aranges
                0x00000028       0x28 HAL/LM35/src/LM35.o
 .debug_aranges
                0x00000050       0x28 HAL/SSD/src/ssd.o
 .debug_aranges
                0x00000078       0x28 main.o
 .debug_aranges
                0x000000a0       0x28 MCAL/ADC/src/ADC.o
 .debug_aranges
                0x000000c8       0x60 MCAL/I2C/src/I2C.o

.debug_pubnames
 *(.debug_pubnames)

.debug_info     0x00000000     0x125e
 *(.debug_info .gnu.linkonce.wi.*)
 .debug_info    0x00000000      0x4e6 C:/Program Files (x86)/Atmel/Studio/7.0/Packs/Atmel/ATmega_DFP/1.7.374/gcc/dev/atmega32a/avr5/crtatmega32a.o
 .debug_info    0x000004e6      0x2a1 HAL/EEPROM/src/EEPROM.o
 .debug_info    0x00000787      0x241 HAL/LM35/src/LM35.o
 .debug_info    0x000009c8      0x1b9 HAL/SSD/src/ssd.o
 .debug_info    0x00000b81      0x285 main.o
 .debug_info    0x00000e06      0x1da MCAL/ADC/src/ADC.o
 .debug_info    0x00000fe0      0x27e MCAL/I2C/src/I2C.o

.debug_abbrev   0x00000000      0xb0c
 *(.debug_abbrev)
 .debug_abbrev  0x00000000      0x4a3 C:/Program Files (x86)/Atmel/Studio/7.0/Packs/Atmel/ATmega_DFP/1.7.374/gcc/dev/atmega32a/avr5/crtatmega32a.o
 .debug_abbrev  0x000004a3       0xe2 HAL/EEPROM/src/EEPROM.o
 .debug_abbrev  0x00000585      0x141 HAL/LM35/src/LM35.o
 .debug_abbrev  0x000006c6      0x112 HAL/SSD/src/ssd.o
 .debug_abbrev  0x000007d8      0x17c main.o
 .debug_abbrev  0x00000954       0xec MCAL/ADC/src/ADC.o
 .debug_abbrev  0x00000a40       0xcc MCAL/I2C/src/I2C.o

.debug_line     0x00000000      0x9b6
 *(.debug_line .debug_line.* .debug_line_end)
 .debug_line    0x00000000      0x116 C:/Program Files (x86)/Atmel/Studio/7.0/Packs/Atmel/ATmega_DFP/1.7.374/gcc/dev/atmega32a/avr5/crtatmega32a.o
 .debug_line    0x00000116       0xff HAL/EEPROM/src/EEPROM.o
 .debug_line    0x00000215       0xc0 HAL/LM35/src/LM35.o
 .debug_line    0x000002d5      0x168 HAL/SSD/src/ssd.o
 .debug_line    0x0000043d      0x228 main.o
 .debug_line    0x00000665       0xe4 MCAL/ADC/src/ADC.o
 .debug_line    0x00000749      0x26d MCAL/I2C/src/I2C.o

.debug_frame    0x00000000      0x1e8
 *(.debug_frame)
 .debug_frame   0x00000000       0x50 HAL/EEPROM/src/EEPROM.o
 .debug_frame   0x00000050       0x3c HAL/LM35/src/LM35.o
 .debug_frame   0x0000008c       0x34 HAL/SSD/src/ssd.o
 .debug_frame   0x000000c0       0x50 main.o
 .debug_frame   0x00000110       0x34 MCAL/ADC/src/ADC.o
 .debug_frame   0x00000144       0xa4 MCAL/I2C/src/I2C.o

.debug_str      0x00000000      0x744
 *(.debug_str)
 .debug_str     0x00000000      0x196 C:/Program Files (x86)/Atmel/Studio/7.0/Packs/Atmel/ATmega_DFP/1.7.374/gcc/dev/atmega32a/avr5/crtatmega32a.o
 .debug_str     0x00000196      0x2b9 HAL/EEPROM/src/EEPROM.o
                                0x2cb (size before relaxing)
 .debug_str     0x0000044f      0x1a1 HAL/LM35/src/LM35.o
                                0x282 (size before relaxing)
 .debug_str     0x000005f0       0xb0 HAL/SSD/src/ssd.o
                                0x1f6 (size before relaxing)
 .debug_str     0x000006a0       0x2a main.o
                                0x27c (size before relaxing)
 .debug_str     0x000006ca       0x2d MCAL/ADC/src/ADC.o
                                0x262 (size before relaxing)
 .debug_str     0x000006f7       0x4d MCAL/I2C/src/I2C.o
                                0x2d4 (size before relaxing)

.debug_loc      0x00000000      0x550
 *(.debug_loc)
 .debug_loc     0x00000000      0x119 HAL/EEPROM/src/EEPROM.o
 .debug_loc     0x00000119       0x8d HAL/LM35/src/LM35.o
 .debug_loc     0x000001a6       0xad HAL/SSD/src/ssd.o
 .debug_loc     0x00000253       0xe6 main.o
 .debug_loc     0x00000339       0x85 MCAL/ADC/src/ADC.o
 .debug_loc     0x000003be      0x192 MCAL/I2C/src/I2C.o

.debug_macinfo
 *(.debug_macinfo)

.debug_weaknames
 *(.debug_weaknames)

.debug_funcnames
 *(.debug_funcnames)

.debug_typenames
 *(.debug_typenames)

.debug_varnames
 *(.debug_varnames)

.debug_pubtypes
 *(.debug_pubtypes)

.debug_ranges   0x00000000       0xc8
 *(.debug_ranges)
 .debug_ranges  0x00000000       0x18 HAL/EEPROM/src/EEPROM.o
 .debug_ranges  0x00000018       0x18 HAL/LM35/src/LM35.o
 .debug_ranges  0x00000030       0x18 HAL/SSD/src/ssd.o
 .debug_ranges  0x00000048       0x18 main.o
 .debug_ranges  0x00000060       0x18 MCAL/ADC/src/ADC.o
 .debug_ranges  0x00000078       0x50 MCAL/I2C/src/I2C.o

.debug_macro
 *(.debug_macro)
OUTPUT(GccApplication2.elf elf32-avr)
LOAD linker stubs
